// Jest Snapshot v1, https://goo.gl/fbAQLP

exports[`fetch 1`] = `
<div
  className="App"
>
  <h1>
    <img
      alt="react-logo"
      src="https://avatars3.githubusercontent.com/u/60869810?v=4"
      style={
        Object {
          "padding": "0 10px 0 0",
          "width": "20px",
        }
      }
    />
    Countries
  </h1>
  <p>
    <img
      alt="imgLoading"
      src="https://media.giphy.com/media/y1ZBcOGOOtlpC/source.gif"
    />
  </p>
</div>
`;
